Host: b002  Date: Tue Jun  2 16:46:36 CDT 2026
SLURM_MEM_PER_NODE=819200  CPUS=4
mem cap = 640 GB ; n grid = 38 points (max 200000)
n=    100 reps=100 time=   0.0010s [0.0000, 0.0010] peak=     36 MB
n=    118 reps=100 time=   0.0010s [0.0000, 0.0010] peak=     37 MB
n=    139 reps=100 time=   0.0010s [0.0010, 0.0010] peak=     37 MB
n=    164 reps=100 time=   0.0010s [0.0010, 0.0020] peak=     38 MB
n=    194 reps=100 time=   0.0015s [0.0010, 0.0020] peak=     38 MB
n=    228 reps=100 time=   0.0020s [0.0010, 0.0020] peak=     39 MB
n=    269 reps=100 time=   0.0040s [0.0040, 0.0050] peak=     40 MB
n=    318 reps=100 time=   0.0050s [0.0050, 0.0060] peak=     42 MB
n=    375 reps=100 time=   0.0070s [0.0060, 0.0070] peak=     45 MB
n=    442 reps=100 time=   0.0090s [0.0090, 0.0100] peak=     48 MB
n=    521 reps=100 time=   0.0130s [0.0130, 0.0140] peak=     53 MB
n=    615 reps=100 time=   0.0180s [0.0170, 0.0180] peak=     59 MB
n=    725 reps=100 time=   0.0240s [0.0230, 0.0250] peak=     68 MB
n=    855 reps=100 time=   0.0330s [0.0329, 0.0340] peak=     81 MB
n=   1009 reps=100 time=   0.0410s [0.0400, 0.0410] peak=     91 MB
n=   1190 reps=100 time=   0.0570s [0.0560, 0.0580] peak=     90 MB
n=   1403 reps=100 time=   0.1195s [0.1169, 0.1290] peak=    111 MB
n=   1655 reps=100 time=   0.1650s [0.1630, 0.1671] peak=    141 MB
n=   1952 reps=100 time=   0.2180s [0.2160, 0.2190] peak=    182 MB
n=   2303 reps=100 time=   0.2870s [0.2860, 0.2890] peak=    239 MB
n=   2716 reps=100 time=   0.3900s [0.3889, 0.3930] peak=    318 MB
n=   3203 reps=100 time=   0.5290s [0.5270, 0.5320] peak=    428 MB
n=   3778 reps=100 time=   0.8280s [0.8250, 0.8300] peak=    690 MB
n=   4457 reps=100 time=   1.1300s [1.1239, 1.1350] peak=    946 MB
n=   5257 reps=100 time=   1.5620s [1.5589, 1.5661] peak=   1302 MB
n=   6200 reps=100 time=   2.2470s [2.2410, 2.2530] peak=   1797 MB
n=   7313 reps=100 time=   3.1430s [3.1360, 3.1480] peak=   2485 MB
n=   8626 reps=100 time=   4.3790s [4.3699, 4.3941] peak=   3444 MB
n=  10174 reps=100 time=   6.2350s [6.2199, 6.2521] peak=   4776 MB
n=  12000 reps=100 time=   8.7010s [8.6850, 8.7192] peak=   6630 MB
n=  15000 reps= 25 time=  13.5260s [13.4984, 13.5400] peak=  10338 MB
n=  20000 reps= 25 time=  24.1100s [24.0892, 24.1338] peak=  18350 MB
n=  30000 reps= 25 time=  55.0120s [54.8296, 55.5492] peak=  41240 MB
n=  50000 reps=  8 time= 160.7900s [160.0311, 161.2078] peak= 114486 MB
n=  75000 reps=  3 time= 410.8820s [410.3087, 411.5525] peak= 257543 MB
n= 100000 reps=  3 time= 808.1800s [803.1697, 811.9852] peak= 457819 MB
Exit: 137  Done: Tue Jun  2 20:40:47 CDT 2026
